Sep 06 16:25:00 kipopopo python[222449]: 2026-09-06 16:25:00,102 [WARNING] autonomous_futures.paper.live_engine: Feature evaluation failed for SOLUSDT: timestamp gap: expected 2026-08-06T05:35:00+00:00 but received 2026-09-06T08:05:00+00:00
Sep 06 16:25:00 kipopopo python[222449]: 2026-09-06 16:25:00,118 [WARNING] autonomous_futures.paper.live_engine: Feature evaluation failed for DOGEUSDT: timestamp gap: expected 2026-09-06T08:07:07+00:00 but received 2026-09-06T08:05:00+00:00
Sep 06 16:25:00 kipopopo python[222449]: 2026-09-06 16:25:00,136 [WARNING] autonomous_futures.paper.live_engine: Feature evaluation failed for ETHUSDT: timestamp gap: expected 2026-08-06T05:35:00+00:00 but received 2026-09-06T08:05:00+00:00
Sep 06 16:25:00 kipopopo python[222449]: 2026-09-06 16:25:00,198 [WARNING] autonomous_futures.paper.live_engine: Feature evaluation failed for BTCUSDT: timestamp gap: expected 2026-08-06T05:35:00+00:00 but received 2026-09-06T08:05:00+00:00
Sep 06 16:30:00 kipopopo python[222449]: 2026-09-06 16:30:00,100 [WARNING] autonomous_futures.paper.live_engine: Feature evaluation failed for SOLUSDT: timestamp gap: expected 2026-08-06T05:35:00+00:00 but received 2026-09-06T08:05:00+00:00
Sep 06 16:30:00 kipopopo python[222449]: 2026-09-06 16:30:00,116 [WARNING] autonomous_futures.paper.live_engine: Feature evaluation failed for DOGEUSDT: timestamp gap: expected 2026-09-06T08:07:07+00:00 but received 2026-09-06T08:05:00+00:00
Sep 06 16:30:00 kipopopo python[222449]: 2026-09-06 16:30:00,133 [WARNING] autonomous_futures.paper.live_engine: Feature evaluation failed for ETHUSDT: timestamp gap: expected 2026-08-06T05:35:00+00:00 but received 2026-09-06T08:05:00+00:00
Sep 06 16:30:00 kipopopo python[222449]: 2026-09-06 16:30:00,150 [WARNING] autonomous_futures.paper.live_engine: Feature evaluation failed for BTCUSDT: timestamp gap: expected 2026-08-06T05:35:00+00:00 but received 2026-09-06T08:05:00+00:00
Sep 06 16:35:02 kipopopo python[222449]: 2026-09-06 16:35:02,299 [WARNING] autonomous_futures.paper.live_engine: Feature evaluation failed for DOGEUSDT: timestamp gap: expected 2026-09-06T08:07:07+00:00 but received 2026-09-06T08:05:00+00:00
Sep 06 16:35:02 kipopopo python[222449]: 2026-09-06 16:35:02,315 [WARNING] autonomous_futures.paper.live_engine: Feature evaluation failed for SOLUSDT: timestamp gap: expected 2026-08-06T05:35:00+00:00 but received 2026-09-06T08:05:00+00:00
Sep 06 16:35:02 kipopopo python[222449]: 2026-09-06 16:35:02,331 [WARNING] autonomous_futures.paper.live_engine: Feature evaluation failed for BTCUSDT: timestamp gap: expected 2026-08-06T05:35:00+00:00 but received 2026-09-06T08:05:00+00:00
Sep 06 16:35:02 kipopopo python[222449]: 2026-09-06 16:35:02,352 [WARNING] autonomous_futures.paper.live_engine: Feature evaluation failed for ETHUSDT: timestamp gap: expected 2026-08-06T05:35:00+00:00 but received 2026-09-06T08:05:00+00:00
Sep 06 16:39:26 kipopopo systemd[1]: Stopping autonomous-futures-paper-live.service - Autonomous Futures Bot continuous live paper trading daemon...
Sep 06 16:39:26 kipopopo python[222449]: 2026-09-06 16:39:26,295 [INFO] run_phase_259_live_paper_daemon: Caught termination signal; triggering clean daemon shutdown...
Sep 06 16:39:26 kipopopo python[222449]: 2026-09-06 16:39:26,296 [INFO] run_phase_259_live_paper_daemon: Initiating graceful daemon shutdown...
Sep 06 16:39:36 kipopopo python[222449]: 2026-09-06 16:39:36,347 [INFO] autonomous_futures.paper.live_engine: Engine stopped. Final cash: 100.00 USDT (Zero drift verified)
Sep 06 16:39:36 kipopopo python[222449]: 2026-09-06 16:39:36,349 [INFO] run_phase_259_live_paper_daemon: Exact balance reconciliation result: {'starting_capital': '100.00', 'actual_cash': '100.00', 'expected_cash': '100.00', 'drift': '0.00', 'zero_balance_drift': True, 'closed_trades_count': 0, 'open_positions_count': 0, 'total_realized_pnl': '0', 'total_open_entry_fees': '0'}
Sep 06 16:39:56 kipopopo systemd[1]: autonomous-futures-paper-live.service: State 'stop-sigterm' timed out. Killing.
Sep 06 16:39:56 kipopopo systemd[1]: autonomous-futures-paper-live.service: Killing process 222449 (python) with signal SIGKILL.
Sep 06 16:39:56 kipopopo systemd[1]: autonomous-futures-paper-live.service: Failed to kill control group /system.slice/autonomous-futures-paper-live.service, ignoring: Invalid argument
Sep 06 16:39:57 kipopopo systemd[1]: autonomous-futures-paper-live.service: Main process exited, code=killed, status=9/KILL
Sep 06 16:39:57 kipopopo systemd[1]: autonomous-futures-paper-live.service: Failed with result 'timeout'.
Sep 06 16:39:57 kipopopo systemd[1]: Stopped autonomous-futures-paper-live.service - Autonomous Futures Bot continuous live paper trading daemon.
Sep 06 16:39:57 kipopopo systemd[1]: autonomous-futures-paper-live.service: Consumed 2h 10min 42.879s CPU time, 3.4G memory peak, 0B memory swap peak.
Sep 06 16:39:57 kipopopo systemd[1]: Started autonomous-futures-paper-live.service - Autonomous Futures Bot continuous live paper trading daemon.
Sep 06 16:39:59 kipopopo python[470356]: 2026-09-06 16:39:59,734 [INFO] httpx: HTTP Request: GET https://fapi.binance.com/fapi/v1/klines?symbol=DOGEUSDT&interval=5m&limit=105&endTime=1788712499999 "HTTP/1.1 200 OK"
Sep 06 16:39:59 kipopopo python[470356]: 2026-09-06 16:39:59,768 [INFO] autonomous_futures.feed.rest_client: Seeded 100 bars for DOGEUSDT via public REST API
Sep 06 16:40:00 kipopopo python[470356]: 2026-09-06 16:40:00,229 [INFO] httpx: HTTP Request: GET https://fapi.binance.com/fapi/v1/klines?symbol=ETHUSDT&interval=5m&limit=105&endTime=1788712499999 "HTTP/1.1 200 OK"
Sep 06 16:40:00 kipopopo python[470356]: 2026-09-06 16:40:00,249 [INFO] autonomous_futures.feed.rest_client: Seeded 100 bars for ETHUSDT via public REST API
Sep 06 16:40:00 kipopopo python[470356]: 2026-09-06 16:40:00,261 [INFO] httpx: HTTP Request: GET https://fapi.binance.com/fapi/v1/klines?symbol=SOLUSDT&interval=5m&limit=105&endTime=1788712499999 "HTTP/1.1 200 OK"
Sep 06 16:40:00 kipopopo python[470356]: 2026-09-06 16:40:00,277 [INFO] autonomous_futures.feed.rest_client: Seeded 100 bars for SOLUSDT via public REST API
Sep 06 16:40:00 kipopopo python[470356]: 2026-09-06 16:40:00,279 [INFO] httpx: HTTP Request: GET https://fapi.binance.com/fapi/v1/klines?symbol=BTCUSDT&interval=5m&limit=105&endTime=1788712499999 "HTTP/1.1 200 OK"
Sep 06 16:40:00 kipopopo python[470356]: 2026-09-06 16:40:00,296 [INFO] autonomous_futures.feed.rest_client: Seeded 100 bars for BTCUSDT via public REST API
Sep 06 16:40:00 kipopopo python[470356]: 2026-09-06 16:40:00,403 [INFO] run_phase_259_live_paper_daemon: Seeded 100 warmup bars for BTCUSDT [2026-09-06T08:15:00+00:00 -> 2026-09-06T16:30:00+00:00] (source: REST)
Sep 06 16:40:00 kipopopo python[470356]: 2026-09-06 16:40:00,509 [INFO] run_phase_259_live_paper_daemon: Seeded 100 warmup bars for ETHUSDT [2026-09-06T08:15:00+00:00 -> 2026-09-06T16:30:00+00:00] (source: REST)
Sep 06 16:40:00 kipopopo python[470356]: 2026-09-06 16:40:00,607 [INFO] run_phase_259_live_paper_daemon: Seeded 100 warmup bars for SOLUSDT [2026-09-06T08:15:00+00:00 -> 2026-09-06T16:30:00+00:00] (source: REST)
Sep 06 16:40:00 kipopopo python[470356]: 2026-09-06 16:40:00,701 [INFO] run_phase_259_live_paper_daemon: Seeded 100 warmup bars for DOGEUSDT [2026-09-06T08:15:00+00:00 -> 2026-09-06T16:30:00+00:00] (source: REST)
Sep 06 16:40:00 kipopopo python[470356]: 2026-09-06 16:40:00,705 [INFO] run_phase_259_live_paper_daemon: Starting 24/7 live paper daemon on ['BTCUSDT', 'ETHUSDT', 'SOLUSDT', 'DOGEUSDT'] symbols
Sep 06 16:40:00 kipopopo python[470356]: 2026-09-06 16:40:00,705 [INFO] run_phase_259_live_paper_daemon: Storage directory: /opt/autonomous-futures-bot/artifacts/paper_live
Sep 06 16:40:00 kipopopo python[470356]: 2026-09-06 16:40:00,706 [INFO] run_phase_259_live_paper_daemon: Duration: Continuous 24/7 (shared margin: 100.00 USDT)
Sep 06 16:40:01 kipopopo python[470356]: 2026-09-06 16:40:01,195 [INFO] autonomous_futures.feed.client: Connected to Binance public feed: wss://fstream.binance.com/stream?streams=btcusdt@bookTicker/btcusdt@kline_5m/ethusdt@bookTicker/ethusdt@kline_5m/solusdt@bookTicker/solusdt@kline_5m/dogeusdt@bookTicker/dogeusdt@kline_5m
Sep 06 16:41:49 kipopopo systemd[1]: Stopping autonomous-futures-paper-live.service - Autonomous Futures Bot continuous live paper trading daemon...
Sep 06 16:41:49 kipopopo python[470356]: 2026-09-06 16:41:49,855 [INFO] run_phase_259_live_paper_daemon: Caught termination signal; triggering clean daemon shutdown...
Sep 06 16:41:49 kipopopo python[470356]: 2026-09-06 16:41:49,855 [INFO] run_phase_259_live_paper_daemon: Initiating graceful daemon shutdown...
Sep 06 16:41:58 kipopopo python[470356]: 2026-09-06 16:41:58,179 [INFO] autonomous_futures.paper.live_engine: Engine stopped. Final cash: 100.00 USDT (Zero drift verified)
Sep 06 16:41:58 kipopopo python[470356]: 2026-09-06 16:41:58,180 [INFO] run_phase_259_live_paper_daemon: Exact balance reconciliation result: {'starting_capital': '100.00', 'actual_cash': '100.00', 'expected_cash': '100.00', 'drift': '0.00', 'zero_balance_drift': True, 'closed_trades_count': 0, 'open_positions_count': 0, 'total_realized_pnl': '0', 'total_open_entry_fees': '0'}
Sep 06 16:41:58 kipopopo python[470356]: 2026-09-06 16:41:58,425 [INFO] autonomous_futures.paper.live_engine: Saved forward-testing summary to /opt/autonomous-futures-bot/artifacts/paper_live/live-paper-summary.json
Sep 06 16:41:58 kipopopo python[470356]: 2026-09-06 16:41:58,426 [INFO] run_phase_259_live_paper_daemon: Live paper daemon session ended cleanly. Final cash: 100.00 USDT
Sep 06 16:41:58 kipopopo systemd[1]: autonomous-futures-paper-live.service: Deactivated successfully.
Sep 06 16:41:58 kipopopo systemd[1]: Stopped autonomous-futures-paper-live.service - Autonomous Futures Bot continuous live paper trading daemon.
Sep 06 16:41:58 kipopopo systemd[1]: autonomous-futures-paper-live.service: Consumed 32.511s CPU time, 644.0K memory peak, 0B memory swap peak.
Sep 06 16:41:58 kipopopo systemd[1]: Started autonomous-futures-paper-live.service - Autonomous Futures Bot continuous live paper trading daemon.
Sep 06 16:42:02 kipopopo python[471588]: 2026-09-06 16:42:02,330 [INFO] httpx: HTTP Request: GET https://fapi.binance.com/fapi/v1/klines?symbol=DOGEUSDT&interval=5m&limit=105&endTime=1788712799999 "HTTP/1.1 200 OK"
Sep 06 16:42:02 kipopopo python[471588]: 2026-09-06 16:42:02,359 [INFO] autonomous_futures.feed.rest_client: Seeded 100 bars for DOGEUSDT via public REST API
Sep 06 16:42:02 kipopopo python[471588]: 2026-09-06 16:42:02,361 [INFO] httpx: HTTP Request: GET https://fapi.binance.com/fapi/v1/klines?symbol=SOLUSDT&interval=5m&limit=105&endTime=1788712799999 "HTTP/1.1 200 OK"
Sep 06 16:42:02 kipopopo python[471588]: 2026-09-06 16:42:02,376 [INFO] autonomous_futures.feed.rest_client: Seeded 100 bars for SOLUSDT via public REST API
Sep 06 16:42:02 kipopopo python[471588]: 2026-09-06 16:42:02,377 [INFO] httpx: HTTP Request: GET https://fapi.binance.com/fapi/v1/klines?symbol=ETHUSDT&interval=5m&limit=105&endTime=1788712799999 "HTTP/1.1 200 OK"
Sep 06 16:42:02 kipopopo python[471588]: 2026-09-06 16:42:02,379 [INFO] httpx: HTTP Request: GET https://fapi.binance.com/fapi/v1/klines?symbol=BTCUSDT&interval=5m&limit=105&endTime=1788712799999 "HTTP/1.1 200 OK"
Sep 06 16:42:02 kipopopo python[471588]: 2026-09-06 16:42:02,394 [INFO] autonomous_futures.feed.rest_client: Seeded 100 bars for ETHUSDT via public REST API
Sep 06 16:42:02 kipopopo python[471588]: 2026-09-06 16:42:02,409 [INFO] autonomous_futures.feed.rest_client: Seeded 100 bars for BTCUSDT via public REST API
Sep 06 16:42:02 kipopopo python[471588]: 2026-09-06 16:42:02,482 [INFO] run_phase_259_live_paper_daemon: Seeded 100 warmup bars for BTCUSDT [2026-09-06T08:20:00+00:00 -> 2026-09-06T16:35:00+00:00] (source: REST)
Sep 06 16:42:02 kipopopo python[471588]: 2026-09-06 16:42:02,544 [INFO] run_phase_259_live_paper_daemon: Seeded 100 warmup bars for ETHUSDT [2026-09-06T08:20:00+00:00 -> 2026-09-06T16:35:00+00:00] (source: REST)
Sep 06 16:42:02 kipopopo python[471588]: 2026-09-06 16:42:02,607 [INFO] run_phase_259_live_paper_daemon: Seeded 100 warmup bars for SOLUSDT [2026-09-06T08:20:00+00:00 -> 2026-09-06T16:35:00+00:00] (source: REST)
Sep 06 16:42:02 kipopopo python[471588]: 2026-09-06 16:42:02,670 [INFO] run_phase_259_live_paper_daemon: Seeded 100 warmup bars for DOGEUSDT [2026-09-06T08:20:00+00:00 -> 2026-09-06T16:35:00+00:00] (source: REST)
Sep 06 16:42:02 kipopopo python[471588]: 2026-09-06 16:42:02,673 [INFO] run_phase_259_live_paper_daemon: Starting 24/7 live paper daemon on ['BTCUSDT', 'ETHUSDT', 'SOLUSDT', 'DOGEUSDT'] symbols
Sep 06 16:42:02 kipopopo python[471588]: 2026-09-06 16:42:02,673 [INFO] run_phase_259_live_paper_daemon: Storage directory: /opt/autonomous-futures-bot/artifacts/paper_live
Sep 06 16:42:02 kipopopo python[471588]: 2026-09-06 16:42:02,673 [INFO] run_phase_259_live_paper_daemon: Duration: Continuous 24/7 (shared margin: 100.00 USDT)
Sep 06 16:42:03 kipopopo python[471588]: 2026-09-06 16:42:03,158 [INFO] autonomous_futures.feed.client: Connected to Binance public feed: wss://fstream.binance.com/stream?streams=btcusdt@bookTicker/btcusdt@kline_5m/ethusdt@bookTicker/ethusdt@kline_5m/solusdt@bookTicker/solusdt@kline_5m/dogeusdt@bookTicker/dogeusdt@kline_5m
